
libgomp: Invalid value for environment variable OMP_NUM_THREADS

libgomp: Invalid value for environment variable OMP_NUM_THREADS
epoch:0, train_loss:13.00313, val_loss:7.95001
epoch:1, train_loss:8.31509, val_loss:7.62844
epoch:2, train_loss:7.66915, val_loss:7.59477
epoch:3, train_loss:8.07303, val_loss:7.87068
EarlyStopping counter: 1 out of 7 with 3
epoch:4, train_loss:8.96896, val_loss:10.98090
EarlyStopping counter: 2 out of 7 with 4
epoch:5, train_loss:8.38070, val_loss:8.76295
EarlyStopping counter: 3 out of 7 with 5
epoch:6, train_loss:8.28474, val_loss:8.27553
EarlyStopping counter: 4 out of 7 with 6
epoch:7, train_loss:8.02375, val_loss:9.40210
EarlyStopping counter: 5 out of 7 with 7
epoch:8, train_loss:7.83083, val_loss:9.59738
EarlyStopping counter: 6 out of 7 with 8
epoch:9, train_loss:7.86171, val_loss:8.85378
EarlyStopping counter: 7 out of 7 with 9
Early stopping with best_score:7.59477424621582
[train] per-column MSE: 15.679 4.724 14.147 2.285 1.683 0.455 8.634
================================================================================
DATA=ETTm2  MODEL=Autoformer  NORM=dishts  SEED=2024  seq_len=96  label_len=48  pred_len=24  batch_size=128  lr=0.001  alpha=0.1  prior=paper  dish_init=avg  scale=False  patience=7
  MSE=6.802060  MAE=1.698720  RMSE=2.608080  MAPE=8645520.000000  MSPE=3948547581935616.000000
================================================================================
 data      model   norm  seed  seq_len  label_len  pred_len  batch_size  alpha features     MSE     MAE    RMSE      MAPE         MSPE
ETTm2 Autoformer dishts  2024       96         48        24         128    0.1        M 6.80206 1.69872 2.60808 8645520.0 3.948548e+15
[train] appended 1 row to /root/autodl-tmp/Dish-TS/results/figure3_runs.csv
[train] wrote figure4 sample to /root/autodl-tmp/Dish-TS/results/figures/figure4_ETTm2_Autoformer_dishts_sq96_pd24_alpha0.1_seed2024.csv
# data=ETTm2 norm=dishts pl=24 seed=2024 alpha=0.1 prior=paper
# /root/miniconda3/bin/python3 /root/autodl-tmp/Dish-TS/train.py --data ETTm2 --model Autoformer --norm dishts --seq_len 96 --pred_len 24 --label_len 48 --batch_size 128 --train_epochs 50 --patience 7 --seed 2024 --gpu 0 --alpha 0.1 --prior paper --dish_init avg --figure3

