
libgomp: Invalid value for environment variable OMP_NUM_THREADS

libgomp: Invalid value for environment variable OMP_NUM_THREADS
epoch:0, train_loss:23.12988, val_loss:13.40206
epoch:1, train_loss:18.17108, val_loss:15.46939
EarlyStopping counter: 1 out of 7 with 1
epoch:2, train_loss:17.31996, val_loss:23.05527
EarlyStopping counter: 2 out of 7 with 2
epoch:3, train_loss:17.21466, val_loss:24.39586
EarlyStopping counter: 3 out of 7 with 3
epoch:4, train_loss:16.89467, val_loss:24.08515
EarlyStopping counter: 4 out of 7 with 4
epoch:5, train_loss:16.52553, val_loss:17.24898
EarlyStopping counter: 5 out of 7 with 5
epoch:6, train_loss:16.64021, val_loss:21.55523
EarlyStopping counter: 6 out of 7 with 6
epoch:7, train_loss:16.44025, val_loss:18.60514
EarlyStopping counter: 7 out of 7 with 7
Early stopping with best_score:13.402060508728027
[train] per-column MSE: 24.758 6.589 22.990 3.763 2.713 0.491 25.271
================================================================================
DATA=ETTm2  MODEL=Autoformer  NORM=dishts  SEED=2024  seq_len=96  label_len=48  pred_len=96  batch_size=128  lr=0.001  alpha=0.25  prior=paper  dish_init=avg  scale=False  patience=7
  MSE=12.380250  MAE=2.303160  RMSE=3.518560  MAPE=9600397.000000  MSPE=4867806948491264.000000
================================================================================
 data      model   norm  seed  seq_len  label_len  pred_len  batch_size  alpha features      MSE     MAE    RMSE      MAPE         MSPE
ETTm2 Autoformer dishts  2024       96         48        96         128   0.25        M 12.38025 2.30316 3.51856 9600397.0 4.867807e+15
[train] appended 1 row to /root/autodl-tmp/Dish-TS/results/figure3_runs.csv
[train] wrote figure4 sample to /root/autodl-tmp/Dish-TS/results/figures/figure4_ETTm2_Autoformer_dishts_sq96_pd96_alpha0.25_seed2024.csv
# data=ETTm2 norm=dishts pl=96 seed=2024 alpha=0.25 prior=paper
# /root/miniconda3/bin/python3 /root/autodl-tmp/Dish-TS/train.py --data ETTm2 --model Autoformer --norm dishts --seq_len 96 --pred_len 96 --label_len 48 --batch_size 128 --train_epochs 50 --patience 7 --seed 2024 --gpu 0 --alpha 0.25 --prior paper --dish_init avg --figure3

