
libgomp: Invalid value for environment variable OMP_NUM_THREADS

libgomp: Invalid value for environment variable OMP_NUM_THREADS
epoch:0, train_loss:28.17213, val_loss:13.61220
epoch:1, train_loss:23.40573, val_loss:14.37949
EarlyStopping counter: 1 out of 7 with 1
epoch:2, train_loss:22.59172, val_loss:13.43693
epoch:3, train_loss:22.32108, val_loss:15.58048
EarlyStopping counter: 1 out of 7 with 3
epoch:4, train_loss:22.06418, val_loss:15.02694
EarlyStopping counter: 2 out of 7 with 4
epoch:5, train_loss:21.94114, val_loss:14.13040
EarlyStopping counter: 3 out of 7 with 5
epoch:6, train_loss:22.04561, val_loss:15.88719
EarlyStopping counter: 4 out of 7 with 6
epoch:7, train_loss:21.87848, val_loss:15.97869
EarlyStopping counter: 5 out of 7 with 7
epoch:8, train_loss:21.37847, val_loss:15.10742
EarlyStopping counter: 6 out of 7 with 8
epoch:9, train_loss:21.61905, val_loss:16.20958
EarlyStopping counter: 7 out of 7 with 9
Early stopping with best_score:13.436930656433105
[train] per-column MSE: 24.823 7.226 23.987 3.763 1.808 0.471 22.438
================================================================================
DATA=ETTm2  MODEL=Autoformer  NORM=dishts  SEED=2024  seq_len=96  label_len=48  pred_len=96  batch_size=128  lr=0.001  alpha=0.5  prior=paper  dish_init=avg  scale=False  patience=7
  MSE=12.086710  MAE=2.247300  RMSE=3.476600  MAPE=9335178.000000  MSPE=5057389489291264.000000
================================================================================
 data      model   norm  seed  seq_len  label_len  pred_len  batch_size  alpha features      MSE    MAE   RMSE      MAPE         MSPE
ETTm2 Autoformer dishts  2024       96         48        96         128    0.5        M 12.08671 2.2473 3.4766 9335178.0 5.057389e+15
[train] appended 1 row to /root/autodl-tmp/Dish-TS/results/figure3_runs.csv
[train] wrote figure4 sample to /root/autodl-tmp/Dish-TS/results/figures/figure4_ETTm2_Autoformer_dishts_sq96_pd96_alpha0.5_seed2024.csv
# data=ETTm2 norm=dishts pl=96 seed=2024 alpha=0.5 prior=paper
# /root/miniconda3/bin/python3 /root/autodl-tmp/Dish-TS/train.py --data ETTm2 --model Autoformer --norm dishts --seq_len 96 --pred_len 96 --label_len 48 --batch_size 128 --train_epochs 50 --patience 7 --seed 2024 --gpu 0 --alpha 0.5 --prior paper --dish_init avg --figure3

