
libgomp: Invalid value for environment variable OMP_NUM_THREADS

libgomp: Invalid value for environment variable OMP_NUM_THREADS
epoch:0, train_loss:20.76760, val_loss:13.77101
epoch:1, train_loss:15.80282, val_loss:17.51558
EarlyStopping counter: 1 out of 7 with 1
epoch:2, train_loss:15.01030, val_loss:16.91467
EarlyStopping counter: 2 out of 7 with 2
epoch:3, train_loss:15.07677, val_loss:31.30841
EarlyStopping counter: 3 out of 7 with 3
epoch:4, train_loss:14.68556, val_loss:19.28913
EarlyStopping counter: 4 out of 7 with 4
epoch:5, train_loss:14.73014, val_loss:17.38938
EarlyStopping counter: 5 out of 7 with 5
epoch:6, train_loss:14.53143, val_loss:20.12141
EarlyStopping counter: 6 out of 7 with 6
epoch:7, train_loss:14.55010, val_loss:16.79771
EarlyStopping counter: 7 out of 7 with 7
Early stopping with best_score:13.771008491516113
[train] per-column MSE: 25.714 6.525 23.287 3.583 8.564 0.718 25.316
================================================================================
DATA=ETTm2  MODEL=Autoformer  NORM=dishts  SEED=2024  seq_len=96  label_len=48  pred_len=96  batch_size=128  lr=0.001  alpha=0.25  prior=legacy  dish_init=avg  scale=False  patience=7
  MSE=13.398900  MAE=2.507400  RMSE=3.660450  MAPE=9649533.000000  MSPE=5067315158712320.000000
================================================================================
 data      model   norm  seed  seq_len  label_len  pred_len  batch_size  alpha features     MSE    MAE    RMSE      MAPE         MSPE
ETTm2 Autoformer dishts  2024       96         48        96         128   0.25        M 13.3989 2.5074 3.66045 9649533.0 5.067315e+15
[train] appended 1 row to /root/autodl-tmp/Dish-TS/results/figure3_runs.csv
[train] wrote figure4 sample to /root/autodl-tmp/Dish-TS/results/figures/figure4_ETTm2_Autoformer_dishts_sq96_pd96_alpha0.25_seed2024.csv
# data=ETTm2 norm=dishts pl=96 seed=2024 alpha=0.25 prior=legacy
# /root/miniconda3/bin/python3 /root/autodl-tmp/Dish-TS/train.py --data ETTm2 --model Autoformer --norm dishts --seq_len 96 --pred_len 96 --label_len 48 --batch_size 128 --train_epochs 50 --patience 7 --seed 2024 --gpu 0 --alpha 0.25 --prior legacy --dish_init avg --figure3

