
libgomp: Invalid value for environment variable OMP_NUM_THREADS

libgomp: Invalid value for environment variable OMP_NUM_THREADS
epoch:0, train_loss:25.45116, val_loss:16.13629
epoch:1, train_loss:20.78865, val_loss:16.40724
EarlyStopping counter: 1 out of 7 with 1
epoch:2, train_loss:20.04305, val_loss:15.36674
epoch:3, train_loss:19.62958, val_loss:19.27208
EarlyStopping counter: 1 out of 7 with 3
epoch:4, train_loss:19.50979, val_loss:19.40897
EarlyStopping counter: 2 out of 7 with 4
epoch:5, train_loss:19.29808, val_loss:15.46476
EarlyStopping counter: 3 out of 7 with 5
epoch:6, train_loss:19.31835, val_loss:17.27336
EarlyStopping counter: 4 out of 7 with 6
epoch:7, train_loss:19.20221, val_loss:15.56716
EarlyStopping counter: 5 out of 7 with 7
epoch:8, train_loss:19.07053, val_loss:15.11553
epoch:9, train_loss:19.26693, val_loss:14.84897
epoch:10, train_loss:19.01359, val_loss:15.74083
EarlyStopping counter: 1 out of 7 with 10
epoch:11, train_loss:18.96354, val_loss:17.76290
EarlyStopping counter: 2 out of 7 with 11
epoch:12, train_loss:18.94033, val_loss:16.88254
EarlyStopping counter: 3 out of 7 with 12
epoch:13, train_loss:19.00670, val_loss:18.10107
EarlyStopping counter: 4 out of 7 with 13
epoch:14, train_loss:18.79855, val_loss:17.98826
EarlyStopping counter: 5 out of 7 with 14
epoch:15, train_loss:18.79877, val_loss:17.65340
EarlyStopping counter: 6 out of 7 with 15
epoch:16, train_loss:18.62623, val_loss:16.81881
EarlyStopping counter: 7 out of 7 with 16
Early stopping with best_score:14.848974227905273
[train] per-column MSE: 24.312 6.680 21.775 3.772 28.516 1.492 20.101
================================================================================
DATA=ETTm2  MODEL=Autoformer  NORM=dishts  SEED=2024  seq_len=96  label_len=48  pred_len=96  batch_size=128  lr=0.001  alpha=1.0  prior=legacy  dish_init=avg  scale=False  patience=7
  MSE=15.247880  MAE=2.827540  RMSE=3.904850  MAPE=9645768.000000  MSPE=5216281804406784.000000
================================================================================
 data      model   norm  seed  seq_len  label_len  pred_len  batch_size  alpha features      MSE     MAE    RMSE      MAPE         MSPE
ETTm2 Autoformer dishts  2024       96         48        96         128    1.0        M 15.24788 2.82754 3.90485 9645768.0 5.216282e+15
[train] appended 1 row to /root/autodl-tmp/Dish-TS/results/figure3_runs.csv
[train] wrote figure4 sample to /root/autodl-tmp/Dish-TS/results/figures/figure4_ETTm2_Autoformer_dishts_sq96_pd96_alpha1.0_seed2024.csv
# data=ETTm2 norm=dishts pl=96 seed=2024 alpha=1.0 prior=legacy
# /root/miniconda3/bin/python3 /root/autodl-tmp/Dish-TS/train.py --data ETTm2 --model Autoformer --norm dishts --seq_len 96 --pred_len 96 --label_len 48 --batch_size 128 --train_epochs 50 --patience 7 --seed 2024 --gpu 0 --alpha 1.0 --prior legacy --dish_init avg --figure3

