
libgomp: Invalid value for environment variable OMP_NUM_THREADS

libgomp: Invalid value for environment variable OMP_NUM_THREADS
/root/miniconda3/lib/python3.12/site-packages/torch/autograd/graph.py:744: UserWarning: Plan failed with a cudnnException: CUDNN_BACKEND_EXECUTION_PLAN_DESCRIPTOR: cudnnFinalize Descriptor Failed cudnn_status: CUDNN_STATUS_NOT_SUPPORTED (Triggered internally at ../aten/src/ATen/native/cudnn/Conv_v8.cpp:919.)
  return Variable._execution_engine.run_backward(  # Calls into the C++ engine to run the backward pass
epoch:0, train_loss:33.91553, val_loss:21.49288
epoch:1, train_loss:31.90743, val_loss:22.71033
EarlyStopping counter: 1 out of 7 with 1
epoch:2, train_loss:31.40149, val_loss:22.93785
EarlyStopping counter: 2 out of 7 with 2
epoch:3, train_loss:30.91621, val_loss:22.62109
EarlyStopping counter: 3 out of 7 with 3
epoch:4, train_loss:30.86336, val_loss:21.60281
EarlyStopping counter: 4 out of 7 with 4
epoch:5, train_loss:30.62553, val_loss:24.84626
EarlyStopping counter: 5 out of 7 with 5
epoch:6, train_loss:42.22241, val_loss:9811.01270
EarlyStopping counter: 6 out of 7 with 6
epoch:7, train_loss:5051.18213, val_loss:56.23003
EarlyStopping counter: 7 out of 7 with 7
Early stopping with best_score:21.492877960205078
[train] per-column MSE: 33.960 6.853 29.407 4.457 27.037 1.663 40.865
================================================================================
DATA=ETTm2  MODEL=Autoformer  NORM=dishts  SEED=2023  seq_len=96  label_len=168  pred_len=336  batch_size=64  lr=0.001  alpha=1.0  prior=legacy  dish_init=avg  scale=False  patience=7
  MSE=20.734541  MAE=3.210230  RMSE=4.553520  MAPE=10525054.000000  MSPE=5069350973210624.000000
================================================================================
 data      model   norm  seed  seq_len  label_len  pred_len  batch_size  alpha       MSE     MAE    RMSE       MAPE         MSPE
ETTm2 Autoformer dishts  2023       96        168       336          64    1.0 20.734541 3.21023 4.55352 10525054.0 5.069351e+15
[train] appended 1 row to /root/autodl-tmp/Dish-TS/results/figure3_runs.csv
[train] wrote figure4 sample to /root/autodl-tmp/Dish-TS/results/figures/figure4_ETTm2_Autoformer_dishts_sq96_pd336_alpha1.0_seed2023.csv
# data=ETTm2 norm=dishts pl=336 seed=2023 alpha=1.0 prior=legacy
# /root/miniconda3/bin/python3 /root/autodl-tmp/Dish-TS/train.py --data ETTm2 --model Autoformer --norm dishts --seq_len 96 --pred_len 336 --label_len 168 --batch_size 128 --train_epochs 50 --patience 7 --seed 2023 --gpu 0 --alpha 1.0 --prior legacy --dish_init avg --figure3

