
libgomp: Invalid value for environment variable OMP_NUM_THREADS

libgomp: Invalid value for environment variable OMP_NUM_THREADS
epoch:0, train_loss:24.39174, val_loss:15.02570
epoch:1, train_loss:20.25676, val_loss:15.76309
EarlyStopping counter: 1 out of 7 with 1
epoch:2, train_loss:19.23394, val_loss:16.65816
EarlyStopping counter: 2 out of 7 with 2
epoch:3, train_loss:18.98607, val_loss:17.46914
EarlyStopping counter: 3 out of 7 with 3
epoch:4, train_loss:18.77259, val_loss:18.63248
EarlyStopping counter: 4 out of 7 with 4
epoch:5, train_loss:18.42552, val_loss:15.16925
EarlyStopping counter: 5 out of 7 with 5
epoch:6, train_loss:18.50110, val_loss:17.17545
EarlyStopping counter: 6 out of 7 with 6
epoch:7, train_loss:18.45345, val_loss:15.13388
EarlyStopping counter: 7 out of 7 with 7
Early stopping with best_score:15.025702476501465
[train] per-column MSE: 24.850 6.562 24.060 3.539 22.373 1.350 26.580
================================================================================
DATA=ETTm2  MODEL=Autoformer  NORM=dishts  SEED=2024  seq_len=96  label_len=48  pred_len=96  batch_size=128  lr=0.001  alpha=0.75  prior=legacy  dish_init=avg  scale=False  patience=7
  MSE=15.628600  MAE=2.847880  RMSE=3.953300  MAPE=9568556.000000  MSPE=5193078243590144.000000
================================================================================
 data      model   norm  seed  seq_len  label_len  pred_len  batch_size  alpha features     MSE     MAE   RMSE      MAPE         MSPE
ETTm2 Autoformer dishts  2024       96         48        96         128   0.75        M 15.6286 2.84788 3.9533 9568556.0 5.193078e+15
[train] appended 1 row to /root/autodl-tmp/Dish-TS/results/figure3_runs.csv
[train] wrote figure4 sample to /root/autodl-tmp/Dish-TS/results/figures/figure4_ETTm2_Autoformer_dishts_sq96_pd96_alpha0.75_seed2024.csv
# data=ETTm2 norm=dishts pl=96 seed=2024 alpha=0.75 prior=legacy
# /root/miniconda3/bin/python3 /root/autodl-tmp/Dish-TS/train.py --data ETTm2 --model Autoformer --norm dishts --seq_len 96 --pred_len 96 --label_len 48 --batch_size 128 --train_epochs 50 --patience 7 --seed 2024 --gpu 0 --alpha 0.75 --prior legacy --dish_init avg --figure3

