
libgomp: Invalid value for environment variable OMP_NUM_THREADS

libgomp: Invalid value for environment variable OMP_NUM_THREADS
epoch:0, train_loss:22.52365, val_loss:14.86584
epoch:1, train_loss:17.65478, val_loss:15.64058
EarlyStopping counter: 1 out of 7 with 1
epoch:2, train_loss:16.83112, val_loss:16.65542
EarlyStopping counter: 2 out of 7 with 2
epoch:3, train_loss:16.51585, val_loss:21.34141
EarlyStopping counter: 3 out of 7 with 3
epoch:4, train_loss:16.75749, val_loss:16.46109
EarlyStopping counter: 4 out of 7 with 4
epoch:5, train_loss:16.16866, val_loss:17.43586
EarlyStopping counter: 5 out of 7 with 5
epoch:6, train_loss:16.08434, val_loss:16.97343
EarlyStopping counter: 6 out of 7 with 6
epoch:7, train_loss:15.81258, val_loss:16.68403
EarlyStopping counter: 7 out of 7 with 7
Early stopping with best_score:14.865838050842285
[train] per-column MSE: 25.441 6.385 23.757 3.505 16.014 0.946 26.929
================================================================================
DATA=ETTm2  MODEL=Autoformer  NORM=dishts  SEED=2024  seq_len=96  label_len=48  pred_len=96  batch_size=128  lr=0.001  alpha=0.5  prior=legacy  dish_init=avg  scale=False  patience=7
  MSE=14.723500  MAE=2.707220  RMSE=3.837120  MAPE=9945123.000000  MSPE=5271939211853824.000000
================================================================================
 data      model   norm  seed  seq_len  label_len  pred_len  batch_size  alpha features     MSE     MAE    RMSE      MAPE         MSPE
ETTm2 Autoformer dishts  2024       96         48        96         128    0.5        M 14.7235 2.70722 3.83712 9945123.0 5.271939e+15
[train] appended 1 row to /root/autodl-tmp/Dish-TS/results/figure3_runs.csv
[train] wrote figure4 sample to /root/autodl-tmp/Dish-TS/results/figures/figure4_ETTm2_Autoformer_dishts_sq96_pd96_alpha0.5_seed2024.csv
# data=ETTm2 norm=dishts pl=96 seed=2024 alpha=0.5 prior=legacy
# /root/miniconda3/bin/python3 /root/autodl-tmp/Dish-TS/train.py --data ETTm2 --model Autoformer --norm dishts --seq_len 96 --pred_len 96 --label_len 48 --batch_size 128 --train_epochs 50 --patience 7 --seed 2024 --gpu 0 --alpha 0.5 --prior legacy --dish_init avg --figure3

