
libgomp: Invalid value for environment variable OMP_NUM_THREADS

libgomp: Invalid value for environment variable OMP_NUM_THREADS
epoch:0, train_loss:18.71020, val_loss:10.07720
epoch:1, train_loss:13.42451, val_loss:10.12492
EarlyStopping counter: 1 out of 7 with 1
epoch:2, train_loss:12.64030, val_loss:9.44594
epoch:3, train_loss:12.52885, val_loss:9.53445
EarlyStopping counter: 1 out of 7 with 3
epoch:4, train_loss:12.11052, val_loss:9.26231
epoch:5, train_loss:11.98285, val_loss:9.35613
EarlyStopping counter: 1 out of 7 with 5
epoch:6, train_loss:11.87025, val_loss:8.72046
epoch:7, train_loss:11.70868, val_loss:8.98199
EarlyStopping counter: 1 out of 7 with 7
epoch:8, train_loss:12.50104, val_loss:9.47142
EarlyStopping counter: 2 out of 7 with 8
epoch:9, train_loss:12.53196, val_loss:9.48584
EarlyStopping counter: 3 out of 7 with 9
epoch:10, train_loss:12.39278, val_loss:9.54545
EarlyStopping counter: 4 out of 7 with 10
epoch:11, train_loss:12.37634, val_loss:9.73449
EarlyStopping counter: 5 out of 7 with 11
epoch:12, train_loss:12.23583, val_loss:9.95896
EarlyStopping counter: 6 out of 7 with 12
epoch:13, train_loss:12.27199, val_loss:9.71866
EarlyStopping counter: 7 out of 7 with 13
Early stopping with best_score:8.720460891723633
[train] per-column MSE: 14.153 4.867 12.533 2.305 25.214 1.500 7.557
================================================================================
DATA=ETTm2  MODEL=Autoformer  NORM=dishts  SEED=2024  seq_len=96  label_len=48  pred_len=24  batch_size=128  lr=0.001  alpha=1.0  prior=legacy  dish_init=avg  scale=False  patience=7
  MSE=9.733620  MAE=2.248220  RMSE=3.119870  MAPE=7315495.500000  MSPE=3392703651905536.000000
================================================================================
 data      model   norm  seed  seq_len  label_len  pred_len  batch_size  alpha features     MSE     MAE    RMSE      MAPE         MSPE
ETTm2 Autoformer dishts  2024       96         48        24         128    1.0        M 9.73362 2.24822 3.11987 7315495.5 3.392704e+15
[train] appended 1 row to /root/autodl-tmp/Dish-TS/results/figure3_runs.csv
[train] wrote figure4 sample to /root/autodl-tmp/Dish-TS/results/figures/figure4_ETTm2_Autoformer_dishts_sq96_pd24_alpha1.0_seed2024.csv
# data=ETTm2 norm=dishts pl=24 seed=2024 alpha=1.0 prior=legacy
# /root/miniconda3/bin/python3 /root/autodl-tmp/Dish-TS/train.py --data ETTm2 --model Autoformer --norm dishts --seq_len 96 --pred_len 24 --label_len 48 --batch_size 128 --train_epochs 50 --patience 7 --seed 2024 --gpu 0 --alpha 1.0 --prior legacy --dish_init avg --figure3

