
libgomp: Invalid value for environment variable OMP_NUM_THREADS

libgomp: Invalid value for environment variable OMP_NUM_THREADS
epoch:0, train_loss:12.05815, val_loss:7.76294
epoch:1, train_loss:7.69598, val_loss:8.08769
EarlyStopping counter: 1 out of 7 with 1
epoch:2, train_loss:7.71168, val_loss:7.66448
epoch:3, train_loss:7.24435, val_loss:7.53201
epoch:4, train_loss:6.96377, val_loss:8.13926
EarlyStopping counter: 1 out of 7 with 4
epoch:5, train_loss:7.08703, val_loss:8.56902
EarlyStopping counter: 2 out of 7 with 5
epoch:6, train_loss:7.04580, val_loss:8.35317
EarlyStopping counter: 3 out of 7 with 6
epoch:7, train_loss:6.79025, val_loss:8.00884
EarlyStopping counter: 4 out of 7 with 7
epoch:8, train_loss:6.65224, val_loss:8.67206
EarlyStopping counter: 5 out of 7 with 8
epoch:9, train_loss:6.62020, val_loss:7.95703
EarlyStopping counter: 6 out of 7 with 9
epoch:10, train_loss:6.55042, val_loss:8.08035
EarlyStopping counter: 7 out of 7 with 10
Early stopping with best_score:7.532008647918701
[train] per-column MSE: 14.188 4.938 14.356 2.514 2.158 0.470 8.267
================================================================================
DATA=ETTm2  MODEL=Autoformer  NORM=dishts  SEED=2024  seq_len=96  label_len=48  pred_len=24  batch_size=128  lr=0.001  alpha=0.1  prior=legacy  dish_init=avg  scale=False  patience=7
  MSE=6.699660  MAE=1.701200  RMSE=2.588370  MAPE=7596783.500000  MSPE=3319256489918464.000000
================================================================================
 data      model   norm  seed  seq_len  label_len  pred_len  batch_size  alpha features     MSE    MAE    RMSE      MAPE         MSPE
ETTm2 Autoformer dishts  2024       96         48        24         128    0.1        M 6.69966 1.7012 2.58837 7596783.5 3.319256e+15
[train] appended 1 row to /root/autodl-tmp/Dish-TS/results/figure3_runs.csv
[train] wrote figure4 sample to /root/autodl-tmp/Dish-TS/results/figures/figure4_ETTm2_Autoformer_dishts_sq96_pd24_alpha0.1_seed2024.csv
# data=ETTm2 norm=dishts pl=24 seed=2024 alpha=0.1 prior=legacy
# /root/miniconda3/bin/python3 /root/autodl-tmp/Dish-TS/train.py --data ETTm2 --model Autoformer --norm dishts --seq_len 96 --pred_len 24 --label_len 48 --batch_size 128 --train_epochs 50 --patience 7 --seed 2024 --gpu 0 --alpha 0.1 --prior legacy --dish_init avg --figure3

