
libgomp: Invalid value for environment variable OMP_NUM_THREADS

libgomp: Invalid value for environment variable OMP_NUM_THREADS
epoch:0, train_loss:25.39446, val_loss:7.96323
epoch:1, train_loss:19.64276, val_loss:7.84010
epoch:2, train_loss:18.75704, val_loss:7.93078
EarlyStopping counter: 1 out of 7 with 2
epoch:3, train_loss:19.06192, val_loss:7.83579
epoch:4, train_loss:18.84366, val_loss:9.03509
EarlyStopping counter: 1 out of 7 with 4
epoch:5, train_loss:18.12784, val_loss:8.15394
EarlyStopping counter: 2 out of 7 with 5
epoch:6, train_loss:17.92661, val_loss:8.01503
EarlyStopping counter: 3 out of 7 with 6
epoch:7, train_loss:17.76824, val_loss:8.40897
EarlyStopping counter: 4 out of 7 with 7
epoch:8, train_loss:17.51985, val_loss:9.61034
EarlyStopping counter: 5 out of 7 with 8
epoch:9, train_loss:17.54304, val_loss:8.18022
EarlyStopping counter: 6 out of 7 with 9
epoch:10, train_loss:17.30848, val_loss:8.00724
EarlyStopping counter: 7 out of 7 with 10
Early stopping with best_score:7.835786819458008
[train] per-column MSE: 15.797 5.137 15.583 2.462 1.883 0.439 9.692
================================================================================
DATA=ETTm2  MODEL=Autoformer  NORM=dishts  SEED=2024  seq_len=96  label_len=48  pred_len=24  batch_size=128  lr=0.001  alpha=0.75  prior=paper  dish_init=avg  scale=False  patience=7
  MSE=7.285870  MAE=1.753540  RMSE=2.699230  MAPE=8277899.500000  MSPE=3853179443740672.000000
================================================================================
 data      model   norm  seed  seq_len  label_len  pred_len  batch_size  alpha features     MSE     MAE    RMSE      MAPE         MSPE
ETTm2 Autoformer dishts  2024       96         48        24         128   0.75        M 7.28587 1.75354 2.69923 8277899.5 3.853179e+15
[train] appended 1 row to /root/autodl-tmp/Dish-TS/results/figure3_runs.csv
[train] wrote figure4 sample to /root/autodl-tmp/Dish-TS/results/figures/figure4_ETTm2_Autoformer_dishts_sq96_pd24_alpha0.75_seed2024.csv
# data=ETTm2 norm=dishts pl=24 seed=2024 alpha=0.75 prior=paper
# /root/miniconda3/bin/python3 /root/autodl-tmp/Dish-TS/train.py --data ETTm2 --model Autoformer --norm dishts --seq_len 96 --pred_len 24 --label_len 48 --batch_size 128 --train_epochs 50 --patience 7 --seed 2024 --gpu 0 --alpha 0.75 --prior paper --dish_init avg --figure3

