
libgomp: Invalid value for environment variable OMP_NUM_THREADS

libgomp: Invalid value for environment variable OMP_NUM_THREADS
epoch:0, train_loss:38.65030, val_loss:15.98425
epoch:1, train_loss:32.84350, val_loss:17.15249
EarlyStopping counter: 1 out of 7 with 1
epoch:2, train_loss:31.65347, val_loss:15.01713
epoch:3, train_loss:31.80311, val_loss:20.93689
EarlyStopping counter: 1 out of 7 with 3
epoch:4, train_loss:31.06420, val_loss:17.13818
EarlyStopping counter: 2 out of 7 with 4
epoch:5, train_loss:30.76099, val_loss:14.76196
epoch:6, train_loss:32.57190, val_loss:15.29955
EarlyStopping counter: 1 out of 7 with 6
epoch:7, train_loss:31.84932, val_loss:16.35342
EarlyStopping counter: 2 out of 7 with 7
epoch:8, train_loss:31.56335, val_loss:15.23255
EarlyStopping counter: 3 out of 7 with 8
epoch:9, train_loss:31.49183, val_loss:15.91634
EarlyStopping counter: 4 out of 7 with 9
epoch:10, train_loss:31.15347, val_loss:16.07992
EarlyStopping counter: 5 out of 7 with 10
epoch:11, train_loss:30.82198, val_loss:16.23933
EarlyStopping counter: 6 out of 7 with 11
epoch:12, train_loss:30.77995, val_loss:14.88949
EarlyStopping counter: 7 out of 7 with 12
Early stopping with best_score:14.761956214904785
[train] per-column MSE: 25.936 6.858 24.718 3.540 2.038 0.482 25.095
================================================================================
DATA=ETTm2  MODEL=Autoformer  NORM=dishts  SEED=2024  seq_len=96  label_len=48  pred_len=96  batch_size=128  lr=0.001  alpha=1.0  prior=paper  dish_init=avg  scale=False  patience=7
  MSE=12.680420  MAE=2.287220  RMSE=3.560960  MAPE=11326143.000000  MSPE=6146787005956096.000000
================================================================================
 data      model   norm  seed  seq_len  label_len  pred_len  batch_size  alpha features      MSE     MAE    RMSE       MAPE         MSPE
ETTm2 Autoformer dishts  2024       96         48        96         128    1.0        M 12.68042 2.28722 3.56096 11326143.0 6.146787e+15
[train] appended 1 row to /root/autodl-tmp/Dish-TS/results/figure3_runs.csv
[train] wrote figure4 sample to /root/autodl-tmp/Dish-TS/results/figures/figure4_ETTm2_Autoformer_dishts_sq96_pd96_alpha1.0_seed2024.csv
# data=ETTm2 norm=dishts pl=96 seed=2024 alpha=1.0 prior=paper
# /root/miniconda3/bin/python3 /root/autodl-tmp/Dish-TS/train.py --data ETTm2 --model Autoformer --norm dishts --seq_len 96 --pred_len 96 --label_len 48 --batch_size 128 --train_epochs 50 --patience 7 --seed 2024 --gpu 0 --alpha 1.0 --prior paper --dish_init avg --figure3

